TAP version 13
# hello says hello
not ok 1 hello() should be "hello world"
  ---
    operator: equal
    expected: "helloo world"
    actual:   "hello world"
    at: Test._cb (/Users/airportyh/Home/Code/testem/examples/tape_example/tests.js:6:7)
  ...
# hello says hello to bob
not ok 2 Error: blah
  ---
    operator: error
    expected: 
    actual:   {}
    stack:
      Error: blah
        at Test._cb (/Users/airportyh/Home/Code/testem/examples/tape_example/tests.js:11:11)
        at Test.run (/Users/airportyh/Home/Code/testem/examples/tape_example/node_modules/tape/lib/test.js:52:14)
        at Test.<anonymous> (/Users/airportyh/Home/Code/testem/examples/tape_example/node_modules/tape/lib/results.js:108:24)
        at Test.g (events.js:175:14)
        at Test.EventEmitter.emit (events.js:92:17)
        at Test.end (/Users/airportyh/Home/Code/testem/examples/tape_example/node_modules/tape/lib/test.js:85:27)
        at Object._onImmediate (/Users/airportyh/Home/Code/testem/examples/tape_example/node_modules/tape/lib/test.js:163:35)
        at processImmediate [as _immediateCallback] (timers.js:330:15)
  ...

1..2
# tests 2
# pass  0
# fail  2
